itblock/testAmbiguous(4,19): ERR Ambiguous slot 'x' on both 'this' (testPod::Foo) and 'it' (testPod::Foo)
itblock/testAmbiguous(5,19): ERR Ambiguous slot 'x' on both 'this' (testPod::Foo) and 'it' (testPod::Bar)
itblock/testAmbiguous(7,19): ERR Ambiguous slot 'y' on both 'this' (testPod::Foo) and 'it' (testPod::Foo)
itblock/testAmbiguous(8,19): ERR Ambiguous slot 'y' on both 'this' (testPod::Foo) and 'it' (testPod::Bar)
itblock/testAmbiguous(11,19): ERR Ambiguous slot 's' on both 'this' (testPod::Foo) and 'it' (testPod::Bar)
itblock/testAmbiguous(14,26): ERR Ambiguous slot 't' on both 'this' (testPod::Foo) and 'it' (testPod::Bar)
itblock/testAmbiguous(17,31): ERR Ambiguous slot 't' on both 'this' (testPod::Foo) and 'it' (testPod::Bar)
itblock/testAmbiguous(18,31): ERR Ambiguous slot 'u' on both 'this' (testPod::Foo) and 'it' (testPod::Bar)
itblock/testAmbiguous(19,24): ERR Ambiguous slot 'u' on both 'this' (testPod::Foo) and 'it' (testPod::Bar)
