itblock/testErrors(4,27): ERR Invalid use of 'it' outside of it-block
itblock/testErrors(5,20): ERR Invalid use of 'it' outside of it-block
itblock/testErrors(6,21): ERR Cannot apply it-block to Void expr
itblock/testErrors(10,31): ERR Unknown variable 'x'
itblock/testErrors(11,31): ERR No comma operator method found: 'testPod::B.add'
