(1,1)		using
(1,7)		compiler
(1,15)		::
(1,17)		Compiler
(2,1)		using
(2,7)		Str literal
(2,17)		::
(2,19)		Loc
(2,23)		as
(2,26)		XLoc
(3,1)		class
(3,7)		Foo
(3,11)		{
(3,12)		}
(4,1)		class
(4,7)		Env
(4,11)		{
(4,12)		}
(5,1)		class
(5,7)		Int
(5,11)		{
(5,12)		}
(6,1)		class
(6,7)		Float
(6,13)		{
(6,14)		}
(6,15)		eof