(1,1)		class
(1,7)		Foo
(1,11)		{
(2,2)		Str
(2,6)		a
(2,8)		:=
(2,11)		Str literal
(4,2)		Str
(4,6)		baa
(4,10)		:=
(4,13)		Str literal
(8,3)		Void
(8,8)		f00
(8,11)		(
(8,12)		)
(9,3)		{
(10,5)		g
(10,7)		:=
(10,10)		Str literal
(13,5)		h
(13,7)		:=
(13,10)		Str literal
(16,5)		i
(16,7)		:=
(17,5)		Str literal
(19,3)		}
(21,2)		Str
(21,6)		c
(21,8)		:=
(21,11)		Str literal
(23,1)		}
(23,2)		eof