(1,1)		class
(1,7)		Foo
(2,1)		{
(3,3)		new
(3,7)		make
(3,11)		(
(3,12)		Obj
(3,16)		a
(3,17)		,
(3,19)		Obj
(3,23)		a
(3,24)		)
(3,26)		{
(3,27)		}
(4,3)		Void
(4,8)		foo
(4,11)		(
(4,12)		Int
(4,16)		xxx
(4,19)		,
(4,21)		Str
(4,25)		y
(4,26)		,
(4,28)		Str
(4,31)		?
(4,33)		xxx
(4,37)		:=
(4,40)		null
(4,44)		,
(4,46)		Int
(4,50)		xxx
(4,54)		:=
(4,57)		Int literal
(4,58)		)
(4,60)		{
(4,61)		}
(5,1)		}
(5,2)		eof